ERRORS:
-there is no sidebar
-items are replaced where they were originally
-